По части 2: выводы команд ACL WHOAMI, ACL LIST, AUTH default.

└─# docker-compose exec cache redis-cli
127.0.0.1:6379> acl whoami
"default"
127.0.0.1:6379> acl list
1) "user default on nopass ~* &* +@all"
127.0.0.1:6379> AUTH default
(error) ERR AUTH <password> called without any password configured for the default user. Are you sure your configuration is correct?


По части 3: выводы команд ACL WHOAMI, ACL LIST.
Вывод комманд от пользователя default:
└─# docker-compose exec cache redis-cli
127.0.0.1:6379> ACL WHOAMI
"default"
127.0.0.1:6379> ACL LIST
1) "user app on #2bb80d537b1da3e38bd30361aa855686bde0eacd7162fef6a25fe97bf527a25b ~* &* -@all +@write +@read"
2) "user default on nopass ~* &* +@all"

Вывод комманд от пользователя app:
127.0.0.1:6379> AUTH app secret
OK
127.0.0.1:6379> ACL WHOAMI
(error) NOPERM this user has no permissions to run the 'acl' command or its subcommand
127.0.0.1:6379> ACL LIST
(error) NOPERM this user has no permissions to run the 'acl' command or its subcommand
127.0.0.1:6379> SET users:admin@localhost id:1|name:vasya
OK

По части 4: выводы команд ACL WHOAMI, ACL LIST.
Вывод комманд от пользователя default:
─# docker-compose exec cache redis-cli
127.0.0.1:6379> ACL WHOAMI
(error) NOAUTH Authentication required.
127.0.0.1:6379> ACL LIST
(error) NOAUTH Authentication required.

Вывод комманд от пользователя app:
127.0.0.1:6379> AUTH app secret
OK
127.0.0.1:6379> ACL WHOAMI
(error) NOPERM this user has no permissions to run the 'acl' command or its subcommand
127.0.0.1:6379> ACL LIST
(error) NOPERM this user has no permissions to run the 'acl' command or its subcommand



Задание «Redis ACL LOGS»*
попытка входа с неверным паролем:
)  1) "count"
    2) (integer) 1
    3) "reason"
    4) "auth"
    5) "context"
    6) "toplevel"
    7) "object"
    8) "AUTH"
    9) "username"
   10) "serg"  

попытка доступа к неразрешённой команде:
1)  1) "count"
    2) (integer) 2
    3) "reason"
    4) "command"
    5) "context"
    6) "toplevel"
    7) "object"
    8) "acl"
    9) "username"
   10) "app"


